[2m9:46:46 AM[22m [31m[1m[vite][22m[39m [31m[2m(client)[22m[39m Pre-transform error: Element is missing end tag.
  Plugin: [35mvite:vue[39m
  File: [36mD:/DATN_NHOM3/DATN_NHOM3_FRONEND/views/LoginView.vue[39m:1:1
[33m  1  |  <template>
     |   ^
  2  |    <div class="site">
  3  |      <!-- Hero -->[39m
[2m9:46:46 AM[22m [31m[1m[vite][22m[39m [31mInternal server error: Element is missing end tag.[39m
  Plugin: [35mvite:vue[39m
  File: [36mD:/DATN_NHOM3/DATN_NHOM3_FRONEND/views/LoginView.vue[39m:1:1
[33m  1  |  <template>
     |   ^
  2  |    <div class="site">
  3  |      <!-- Hero -->[39m
      at createCompilerError (D:\DATN_NHOM3\DATN_NHOM3_FRONEND\node_modules\@vue\compiler-core\dist\compiler-core.cjs.js:1378:17)
      at emitError (D:\DATN_NHOM3\DATN_NHOM3_FRONEND\node_modules\@vue\compiler-core\dist\compiler-core.cjs.js:3014:5)
      at Object.onend (D:\DATN_NHOM3\DATN_NHOM3_FRONEND\node_modules\@vue\compiler-core\dist\compiler-core.cjs.js:2616:7)
      at Tokenizer.finish (D:\DATN_NHOM3\DATN_NHOM3_FRONEND\node_modules\@vue\compiler-core\dist\compiler-core.cjs.js:1246:14)
      at Tokenizer.parse (D:\DATN_NHOM3\DATN_NHOM3_FRONEND\node_modules\@vue\compiler-core\dist\compiler-core.cjs.js:1224:10)
      at Object.baseParse (D:\DATN_NHOM3\DATN_NHOM3_FRONEND\node_modules\@vue\compiler-core\dist\compiler-core.cjs.js:3053:13)
      at Object.parse (D:\DATN_NHOM3\DATN_NHOM3_FRONEND\node_modules\@vue\compiler-dom\dist\compiler-dom.cjs.js:910:23)
      at Object.parse$1 [as parse] (D:\DATN_NHOM3\DATN_NHOM3_FRONEND\node_modules\@vue\compiler-sfc\dist\compiler-sfc.cjs.js:1824:24)
      at createDescriptor (file:///D:/DATN_NHOM3/DATN_NHOM3_FRONEND/node_modules/@vitejs/plugin-vue/dist/index.mjs:50:42)
      at handleHotUpdate (file:///D:/DATN_NHOM3/DATN_NHOM3_FRONEND/node_modules/@vitejs/plugin-vue/dist/index.mjs:1144:25)
[2m9:48:00 AM[22m [31m[1m[vite][22m[39m [31mInternal server error: Element is missing end tag.[39m
  Plugin: [35mvite:vue[39m
  File: [36mD:/DATN_NHOM3/DATN_NHOM3_FRONEND/views/LoginView.vue[39m:1:1
[33m  1  |  <template>
     |   ^
  2  |    <div class="site">
  3  |      <!-- Hero -->[39m
      at createCompilerError (D:\DATN_NHOM3\DATN_NHOM3_FRONEND\node_modules\@vue\compiler-core\dist\compiler-core.cjs.js:1378:17)
      at emitError (D:\DATN_NHOM3\DATN_NHOM3_FRONEND\node_modules\@vue\compiler-core\dist\compiler-core.cjs.js:3014:5)
      at Object.onend (D:\DATN_NHOM3\DATN_NHOM3_FRONEND\node_modules\@vue\compiler-core\dist\compiler-core.cjs.js:2616:7)
      at Tokenizer.finish (D:\DATN_NHOM3\DATN_NHOM3_FRONEND\node_modules\@vue\compiler-core\dist\compiler-core.cjs.js:1246:14)
      at Tokenizer.parse (D:\DATN_NHOM3\DATN_NHOM3_FRONEND\node_modules\@vue\compiler-core\dist\compiler-core.cjs.js:1224:10)
      at Object.baseParse (D:\DATN_NHOM3\DATN_NHOM3_FRONEND\node_modules\@vue\compiler-core\dist\compiler-core.cjs.js:3053:13)
      at Object.parse (D:\DATN_NHOM3\DATN_NHOM3_FRONEND\node_modules\@vue\compiler-dom\dist\compiler-dom.cjs.js:910:23)
      at Object.parse$1 [as parse] (D:\DATN_NHOM3\DATN_NHOM3_FRONEND\node_modules\@vue\compiler-sfc\dist\compiler-sfc.cjs.js:1824:24)
      at createDescriptor (file:///D:/DATN_NHOM3/DATN_NHOM3_FRONEND/node_modules/@vitejs/plugin-vue/dist/index.mjs:50:42)
      at handleHotUpdate (file:///D:/DATN_NHOM3/DATN_NHOM3_FRONEND/node_modules/@vitejs/plugin-vue/dist/index.mjs:1144:25)
[2m9:48:00 AM[22m [31m[1m[vite][22m[39m [31mInternal server error: Element is missing end tag.[39m
  Plugin: [35mvite:vue[39m
  File: [36mD:/DATN_NHOM3/DATN_NHOM3_FRONEND/views/LoginView.vue[39m:1:1
[33m  1  |  <template>
     |   ^
  2  |    <div class="site">
  3  |      <!-- Hero -->[39m
      at createCompilerError (D:\DATN_NHOM3\DATN_NHOM3_FRONEND\node_modules\@vue\compiler-core\dist\compiler-core.cjs.js:1378:17)
      at emitError (D:\DATN_NHOM3\DATN_NHOM3_FRONEND\node_modules\@vue\compiler-core\dist\compiler-core.cjs.js:3014:5)
      at Object.onend (D:\DATN_NHOM3\DATN_NHOM3_FRONEND\node_modules\@vue\compiler-core\dist\compiler-core.cjs.js:2616:7)
      at Tokenizer.finish (D:\DATN_NHOM3\DATN_NHOM3_FRONEND\node_modules\@vue\compiler-core\dist\compiler-core.cjs.js:1246:14)
      at Tokenizer.parse (D:\DATN_NHOM3\DATN_NHOM3_FRONEND\node_modules\@vue\compiler-core\dist\compiler-core.cjs.js:1224:10)
      at Object.baseParse (D:\DATN_NHOM3\DATN_NHOM3_FRONEND\node_modules\@vue\compiler-core\dist\compiler-core.cjs.js:3053:13)
      at Object.parse (D:\DATN_NHOM3\DATN_NHOM3_FRONEND\node_modules\@vue\compiler-dom\dist\compiler-dom.cjs.js:910:23)
      at Object.parse$1 [as parse] (D:\DATN_NHOM3\DATN_NHOM3_FRONEND\node_modules\@vue\compiler-sfc\dist\compiler-sfc.cjs.js:1824:24)
      at createDescriptor (file:///D:/DATN_NHOM3/DATN_NHOM3_FRONEND/node_modules/@vitejs/plugin-vue/dist/index.mjs:50:42)
      at handleHotUpdate (file:///D:/DATN_NHOM3/DATN_NHOM3_FRONEND/node_modules/@vitejs/plugin-vue/dist/index.mjs:1144:25)
[2m9:48:01 AM[22m [31m[1m[vite][22m[39m [31mInternal server error: Element is missing end tag.[39m
  Plugin: [35mvite:vue[39m
  File: [36mD:/DATN_NHOM3/DATN_NHOM3_FRONEND/views/LoginView.vue[39m:1:1
[33m  1  |  <template>
     |   ^
  2  |    <div class="site">
  3  |      <!-- Hero -->[39m
      at createCompilerError (D:\DATN_NHOM3\DATN_NHOM3_FRONEND\node_modules\@vue\compiler-core\dist\compiler-core.cjs.js:1378:17)
      at emitError (D:\DATN_NHOM3\DATN_NHOM3_FRONEND\node_modules\@vue\compiler-core\dist\compiler-core.cjs.js:3014:5)
      at Object.onend (D:\DATN_NHOM3\DATN_NHOM3_FRONEND\node_modules\@vue\compiler-core\dist\compiler-core.cjs.js:2616:7)
      at Tokenizer.finish (D:\DATN_NHOM3\DATN_NHOM3_FRONEND\node_modules\@vue\compiler-core\dist\compiler-core.cjs.js:1246:14)
      at Tokenizer.parse (D:\DATN_NHOM3\DATN_NHOM3_FRONEND\node_modules\@vue\compiler-core\dist\compiler-core.cjs.js:1224:10)
      at Object.baseParse (D:\DATN_NHOM3\DATN_NHOM3_FRONEND\node_modules\@vue\compiler-core\dist\compiler-core.cjs.js:3053:13)
      at Object.parse (D:\DATN_NHOM3\DATN_NHOM3_FRONEND\node_modules\@vue\compiler-dom\dist\compiler-dom.cjs.js:910:23)
      at Object.parse$1 [as parse] (D:\DATN_NHOM3\DATN_NHOM3_FRONEND\node_modules\@vue\compiler-sfc\dist\compiler-sfc.cjs.js:1824:24)
      at createDescriptor (file:///D:/DATN_NHOM3/DATN_NHOM3_FRONEND/node_modules/@vitejs/plugin-vue/dist/index.mjs:50:42)
      at handleHotUpdate (file:///D:/DATN_NHOM3/DATN_NHOM3_FRONEND/node_modules/@vitejs/plugin-vue/dist/index.mjs:1144:25)
[2m9:48:01 AM[22m [31m[1m[vite][22m[39m [31mInternal server error: Element is missing end tag.[39m
  Plugin: [35mvite:vue[39m
  File: [36mD:/DATN_NHOM3/DATN_NHOM3_FRONEND/views/LoginView.vue[39m:1:1
[33m  1  |  <template>
     |   ^
  2  |    <div class="site">
  3  |      <!-- Hero -->[39m
      at createCompilerError (D:\DATN_NHOM3\DATN_NHOM3_FRONEND\node_modules\@vue\compiler-core\dist\compiler-core.cjs.js:1378:17)
      at emitError (D:\DATN_NHOM3\DATN_NHOM3_FRONEND\node_modules\@vue\compiler-core\dist\compiler-core.cjs.js:3014:5)
      at Object.onend (D:\DATN_NHOM3\DATN_NHOM3_FRONEND\node_modules\@vue\compiler-core\dist\compiler-core.cjs.js:2616:7)
      at Tokenizer.finish (D:\DATN_NHOM3\DATN_NHOM3_FRONEND\node_modules\@vue\compiler-core\dist\compiler-core.cjs.js:1246:14)
      at Tokenizer.parse (D:\DATN_NHOM3\DATN_NHOM3_FRONEND\node_modules\@vue\compiler-core\dist\compiler-core.cjs.js:1224:10)
      at Object.baseParse (D:\DATN_NHOM3\DATN_NHOM3_FRONEND\node_modules\@vue\compiler-core\dist\compiler-core.cjs.js:3053:13)
      at Object.parse (D:\DATN_NHOM3\DATN_NHOM3_FRONEND\node_modules\@vue\compiler-dom\dist\compiler-dom.cjs.js:910:23)
      at Object.parse$1 [as parse] (D:\DATN_NHOM3\DATN_NHOM3_FRONEND\node_modules\@vue\compiler-sfc\dist\compiler-sfc.cjs.js:1824:24)
      at createDescriptor (file:///D:/DATN_NHOM3/DATN_NHOM3_FRONEND/node_modules/@vitejs/plugin-vue/dist/index.mjs:50:42)
      at handleHotUpdate (file:///D:/DATN_NHOM3/DATN_NHOM3_FRONEND/node_modules/@vitejs/plugin-vue/dist/index.mjs:1144:25)
[2m9:48:02 AM[22m [31m[1m[vite][22m[39m [31mInternal server error: Element is missing end tag.[39m
  Plugin: [35mvite:vue[39m
  File: [36mD:/DATN_NHOM3/DATN_NHOM3_FRONEND/views/LoginView.vue[39m:1:1
[33m  1  |  <template>
     |   ^
  2  |    <div class="site">
  3  |      <!-- Hero -->[39m
      at createCompilerError (D:\DATN_NHOM3\DATN_NHOM3_FRONEND\node_modules\@vue\compiler-core\dist\compiler-core.cjs.js:1378:17)
      at emitError (D:\DATN_NHOM3\DATN_NHOM3_FRONEND\node_modules\@vue\compiler-core\dist\compiler-core.cjs.js:3014:5)
      at Object.onend (D:\DATN_NHOM3\DATN_NHOM3_FRONEND\node_modules\@vue\compiler-core\dist\compiler-core.cjs.js:2616:7)
      at Tokenizer.finish (D:\DATN_NHOM3\DATN_NHOM3_FRONEND\node_modules\@vue\compiler-core\dist\compiler-core.cjs.js:1246:14)
      at Tokenizer.parse (D:\DATN_NHOM3\DATN_NHOM3_FRONEND\node_modules\@vue\compiler-core\dist\compiler-core.cjs.js:1224:10)
      at Object.baseParse (D:\DATN_NHOM3\DATN_NHOM3_FRONEND\node_modules\@vue\compiler-core\dist\compiler-core.cjs.js:3053:13)
      at Object.parse (D:\DATN_NHOM3\DATN_NHOM3_FRONEND\node_modules\@vue\compiler-dom\dist\compiler-dom.cjs.js:910:23)
      at Object.parse$1 [as parse] (D:\DATN_NHOM3\DATN_NHOM3_FRONEND\node_modules\@vue\compiler-sfc\dist\compiler-sfc.cjs.js:1824:24)
      at createDescriptor (file:///D:/DATN_NHOM3/DATN_NHOM3_FRONEND/node_modules/@vitejs/plugin-vue/dist/index.mjs:50:42)
      at handleHotUpdate (file:///D:/DATN_NHOM3/DATN_NHOM3_FRONEND/node_modules/@vitejs/plugin-vue/dist/index.mjs:1144:25)
[2m10:09:22 AM[22m [31m[1m[vite][22m[39m [31mInternal server error: Element is missing end tag.[39m
  Plugin: [35mvite:vue[39m
  File: [36mD:/DATN_NHOM3/DATN_NHOM3_FRONEND/views/LoginView.vue[39m:1:1
[33m  1  |  <template>
     |   ^
  2  |    <div class="site">
  3  |      <!-- Hero -->[39m
      at createCompilerError (D:\DATN_NHOM3\DATN_NHOM3_FRONEND\node_modules\@vue\compiler-core\dist\compiler-core.cjs.js:1378:17)
      at emitError (D:\DATN_NHOM3\DATN_NHOM3_FRONEND\node_modules\@vue\compiler-core\dist\compiler-core.cjs.js:3014:5)
      at Object.onend (D:\DATN_NHOM3\DATN_NHOM3_FRONEND\node_modules\@vue\compiler-core\dist\compiler-core.cjs.js:2616:7)
      at Tokenizer.finish (D:\DATN_NHOM3\DATN_NHOM3_FRONEND\node_modules\@vue\compiler-core\dist\compiler-core.cjs.js:1246:14)
      at Tokenizer.parse (D:\DATN_NHOM3\DATN_NHOM3_FRONEND\node_modules\@vue\compiler-core\dist\compiler-core.cjs.js:1224:10)
      at Object.baseParse (D:\DATN_NHOM3\DATN_NHOM3_FRONEND\node_modules\@vue\compiler-core\dist\compiler-core.cjs.js:3053:13)
      at Object.parse (D:\DATN_NHOM3\DATN_NHOM3_FRONEND\node_modules\@vue\compiler-dom\dist\compiler-dom.cjs.js:910:23)
      at Object.parse$1 [as parse] (D:\DATN_NHOM3\DATN_NHOM3_FRONEND\node_modules\@vue\compiler-sfc\dist\compiler-sfc.cjs.js:1824:24)
      at createDescriptor (file:///D:/DATN_NHOM3/DATN_NHOM3_FRONEND/node_modules/@vitejs/plugin-vue/dist/index.mjs:50:42)
      at handleHotUpdate (file:///D:/DATN_NHOM3/DATN_NHOM3_FRONEND/node_modules/@vitejs/plugin-vue/dist/index.mjs:1144:25)
[2m10:09:23 AM[22m [31m[1m[vite][22m[39m [31mInternal server error: Element is missing end tag.[39m
  Plugin: [35mvite:vue[39m
  File: [36mD:/DATN_NHOM3/DATN_NHOM3_FRONEND/views/LoginView.vue[39m:1:1
[33m  1  |  <template>
     |   ^
  2  |    <div class="site">
  3  |      <!-- Hero -->[39m
      at createCompilerError (D:\DATN_NHOM3\DATN_NHOM3_FRONEND\node_modules\@vue\compiler-core\dist\compiler-core.cjs.js:1378:17)
      at emitError (D:\DATN_NHOM3\DATN_NHOM3_FRONEND\node_modules\@vue\compiler-core\dist\compiler-core.cjs.js:3014:5)
      at Object.onend (D:\DATN_NHOM3\DATN_NHOM3_FRONEND\node_modules\@vue\compiler-core\dist\compiler-core.cjs.js:2616:7)
      at Tokenizer.finish (D:\DATN_NHOM3\DATN_NHOM3_FRONEND\node_modules\@vue\compiler-core\dist\compiler-core.cjs.js:1246:14)
      at Tokenizer.parse (D:\DATN_NHOM3\DATN_NHOM3_FRONEND\node_modules\@vue\compiler-core\dist\compiler-core.cjs.js:1224:10)
      at Object.baseParse (D:\DATN_NHOM3\DATN_NHOM3_FRONEND\node_modules\@vue\compiler-core\dist\compiler-core.cjs.js:3053:13)
      at Object.parse (D:\DATN_NHOM3\DATN_NHOM3_FRONEND\node_modules\@vue\compiler-dom\dist\compiler-dom.cjs.js:910:23)
      at Object.parse$1 [as parse] (D:\DATN_NHOM3\DATN_NHOM3_FRONEND\node_modules\@vue\compiler-sfc\dist\compiler-sfc.cjs.js:1824:24)
      at createDescriptor (file:///D:/DATN_NHOM3/DATN_NHOM3_FRONEND/node_modules/@vitejs/plugin-vue/dist/index.mjs:50:42)
      at handleHotUpdate (file:///D:/DATN_NHOM3/DATN_NHOM3_FRONEND/node_modules/@vitejs/plugin-vue/dist/index.mjs:1144:25)
[2m10:13:51 AM[22m [31m[1m[vite][22m[39m [31m[2m(client)[22m[39m Pre-transform error: Invalid end tag.
  Plugin: [35mvite:vue[39m
  File: [36mD:/DATN_NHOM3/DATN_NHOM3_FRONEND/views/LoginView.vue[39m:540:1
[33m  538 |  
  539 |  loadKhoaHocPublic();
  540 |  </script>
      |   ^
  541 |  
  542 |  <style scoped>[39m
[2m10:13:51 AM[22m [31m[1m[vite][22m[39m [31mInternal server error: Invalid end tag.[39m
  Plugin: [35mvite:vue[39m
  File: [36mD:/DATN_NHOM3/DATN_NHOM3_FRONEND/views/LoginView.vue[39m:540:1
[33m  538 |  
  539 |  loadKhoaHocPublic();
  540 |  </script>
      |   ^
  541 |  
  542 |  <style scoped>[39m
      at createCompilerError (D:\DATN_NHOM3\DATN_NHOM3_FRONEND\node_modules\@vue\compiler-core\dist\compiler-core.cjs.js:1378:17)
      at emitError (D:\DATN_NHOM3\DATN_NHOM3_FRONEND\node_modules\@vue\compiler-core\dist\compiler-core.cjs.js:3014:5)
      at Object.onclosetag (D:\DATN_NHOM3\DATN_NHOM3_FRONEND\node_modules\@vue\compiler-core\dist\compiler-core.cjs.js:2391:9)
      at Tokenizer.stateInClosingTagName (D:\DATN_NHOM3\DATN_NHOM3_FRONEND\node_modules\@vue\compiler-core\dist\compiler-core.cjs.js:799:16)
      at Tokenizer.parse (D:\DATN_NHOM3\DATN_NHOM3_FRONEND\node_modules\@vue\compiler-core\dist\compiler-core.cjs.js:1157:16)
      at Object.baseParse (D:\DATN_NHOM3\DATN_NHOM3_FRONEND\node_modules\@vue\compiler-core\dist\compiler-core.cjs.js:3053:13)
      at Object.parse (D:\DATN_NHOM3\DATN_NHOM3_FRONEND\node_modules\@vue\compiler-dom\dist\compiler-dom.cjs.js:910:23)
      at Object.parse$1 [as parse] (D:\DATN_NHOM3\DATN_NHOM3_FRONEND\node_modules\@vue\compiler-sfc\dist\compiler-sfc.cjs.js:1824:24)
      at createDescriptor (file:///D:/DATN_NHOM3/DATN_NHOM3_FRONEND/node_modules/@vitejs/plugin-vue/dist/index.mjs:50:42)
      at handleHotUpdate (file:///D:/DATN_NHOM3/DATN_NHOM3_FRONEND/node_modules/@vitejs/plugin-vue/dist/index.mjs:1144:25)
[2m1:40:00 PM[22m [31m[1m[vite][22m[39m [31mInternal server error: Element is missing end tag.[39m
  Plugin: [35mvite:vue[39m
  File: [36mD:/DATN_NHOM3/DATN_NHOM3_FRONEND/views/LoginView.vue[39m:460:11
[33m  458 |            </div>
  459 |  
  460 |            <div v-if="otpVerified" class="row">
      |             ^
  461 |              <div class="col-md-6 offset-md-6 mb-3">
  462 |                <span class="badge bg-success bg-opacity-10 text-success rounded-pill px-3 py-2">[39m
      at createCompilerError (D:\DATN_NHOM3\DATN_NHOM3_FRONEND\node_modules\@vue\compiler-core\dist\compiler-core.cjs.js:1378:17)
      at emitError (D:\DATN_NHOM3\DATN_NHOM3_FRONEND\node_modules\@vue\compiler-core\dist\compiler-core.cjs.js:3014:5)
      at Object.onclosetag (D:\DATN_NHOM3\DATN_NHOM3_FRONEND\node_modules\@vue\compiler-core\dist\compiler-core.cjs.js:2381:13)
      at Tokenizer.stateInClosingTagName (D:\DATN_NHOM3\DATN_NHOM3_FRONEND\node_modules\@vue\compiler-core\dist\compiler-core.cjs.js:799:16)
      at Tokenizer.parse (D:\DATN_NHOM3\DATN_NHOM3_FRONEND\node_modules\@vue\compiler-core\dist\compiler-core.cjs.js:1157:16)
      at Object.baseParse (D:\DATN_NHOM3\DATN_NHOM3_FRONEND\node_modules\@vue\compiler-core\dist\compiler-core.cjs.js:3053:13)
      at Object.parse (D:\DATN_NHOM3\DATN_NHOM3_FRONEND\node_modules\@vue\compiler-dom\dist\compiler-dom.cjs.js:910:23)
      at Object.parse$1 [as parse] (D:\DATN_NHOM3\DATN_NHOM3_FRONEND\node_modules\@vue\compiler-sfc\dist\compiler-sfc.cjs.js:1824:24)
      at createDescriptor (file:///D:/DATN_NHOM3/DATN_NHOM3_FRONEND/node_modules/@vitejs/plugin-vue/dist/index.mjs:50:42)
      at handleHotUpdate (file:///D:/DATN_NHOM3/DATN_NHOM3_FRONEND/node_modules/@vitejs/plugin-vue/dist/index.mjs:1144:25)
[2m1:40:32 PM[22m [31m[1m[vite][22m[39m [31mInternal server error: Element is missing end tag.[39m
  Plugin: [35mvite:vue[39m
  File: [36mD:/DATN_NHOM3/DATN_NHOM3_FRONEND/views/LoginView.vue[39m:460:11
[33m  458 |            </div>
  459 |  
  460 |            <div v-if="otpVerified" class="row">
      |             ^
  461 |              <div class="col-md-6 offset-md-6 mb-3">
  462 |                <span class="badge bg-success bg-opacity-10 text-success rounded-pill px-3 py-2">[39m
      at createCompilerError (D:\DATN_NHOM3\DATN_NHOM3_FRONEND\node_modules\@vue\compiler-core\dist\compiler-core.cjs.js:1378:17)
      at emitError (D:\DATN_NHOM3\DATN_NHOM3_FRONEND\node_modules\@vue\compiler-core\dist\compiler-core.cjs.js:3014:5)
      at Object.onclosetag (D:\DATN_NHOM3\DATN_NHOM3_FRONEND\node_modules\@vue\compiler-core\dist\compiler-core.cjs.js:2381:13)
      at Tokenizer.stateInClosingTagName (D:\DATN_NHOM3\DATN_NHOM3_FRONEND\node_modules\@vue\compiler-core\dist\compiler-core.cjs.js:799:16)
      at Tokenizer.parse (D:\DATN_NHOM3\DATN_NHOM3_FRONEND\node_modules\@vue\compiler-core\dist\compiler-core.cjs.js:1157:16)
      at Object.baseParse (D:\DATN_NHOM3\DATN_NHOM3_FRONEND\node_modules\@vue\compiler-core\dist\compiler-core.cjs.js:3053:13)
      at Object.parse (D:\DATN_NHOM3\DATN_NHOM3_FRONEND\node_modules\@vue\compiler-dom\dist\compiler-dom.cjs.js:910:23)
      at Object.parse$1 [as parse] (D:\DATN_NHOM3\DATN_NHOM3_FRONEND\node_modules\@vue\compiler-sfc\dist\compiler-sfc.cjs.js:1824:24)
      at createDescriptor (file:///D:/DATN_NHOM3/DATN_NHOM3_FRONEND/node_modules/@vitejs/plugin-vue/dist/index.mjs:50:42)
      at handleHotUpdate (file:///D:/DATN_NHOM3/DATN_NHOM3_FRONEND/node_modules/@vitejs/plugin-vue/dist/index.mjs:1144:25)
[2m1:40:43 PM[22m [31m[1m[vite][22m[39m [31mInternal server error: Element is missing end tag.[39m
  Plugin: [35mvite:vue[39m
  File: [36mD:/DATN_NHOM3/DATN_NHOM3_FRONEND/views/LoginView.vue[39m:460:11
[33m  458 |            </div>
  459 |  
  460 |            <div v-if="otpVerified" class="row">
      |             ^
  461 |              <div class="col-md-6 offset-md-6 mb-3">
  462 |                <span class="badge bg-success bg-opacity-10 text-success rounded-pill px-3 py-2">[39m
      at createCompilerError (D:\DATN_NHOM3\DATN_NHOM3_FRONEND\node_modules\@vue\compiler-core\dist\compiler-core.cjs.js:1378:17)
      at emitError (D:\DATN_NHOM3\DATN_NHOM3_FRONEND\node_modules\@vue\compiler-core\dist\compiler-core.cjs.js:3014:5)
      at Object.onclosetag (D:\DATN_NHOM3\DATN_NHOM3_FRONEND\node_modules\@vue\compiler-core\dist\compiler-core.cjs.js:2381:13)
      at Tokenizer.stateInClosingTagName (D:\DATN_NHOM3\DATN_NHOM3_FRONEND\node_modules\@vue\compiler-core\dist\compiler-core.cjs.js:799:16)
      at Tokenizer.parse (D:\DATN_NHOM3\DATN_NHOM3_FRONEND\node_modules\@vue\compiler-core\dist\compiler-core.cjs.js:1157:16)
      at Object.baseParse (D:\DATN_NHOM3\DATN_NHOM3_FRONEND\node_modules\@vue\compiler-core\dist\compiler-core.cjs.js:3053:13)
      at Object.parse (D:\DATN_NHOM3\DATN_NHOM3_FRONEND\node_modules\@vue\compiler-dom\dist\compiler-dom.cjs.js:910:23)
      at Object.parse$1 [as parse] (D:\DATN_NHOM3\DATN_NHOM3_FRONEND\node_modules\@vue\compiler-sfc\dist\compiler-sfc.cjs.js:1824:24)
      at createDescriptor (file:///D:/DATN_NHOM3/DATN_NHOM3_FRONEND/node_modules/@vitejs/plugin-vue/dist/index.mjs:50:42)
      at handleHotUpdate (file:///D:/DATN_NHOM3/DATN_NHOM3_FRONEND/node_modules/@vitejs/plugin-vue/dist/index.mjs:1144:25)
[2m2:45:45 PM[22m [31m[1m[vite][22m[39m [31mInternal server error: Duplicate attribute.[39m
  Plugin: [35mvite:vue[39m
  File: [36mD:/DATN_NHOM3/DATN_NHOM3_FRONEND/views/TinTucManagerView.vue[39m:58:124
[33m  56 |                  </div>
  57 |                  <input ref="fileInput" type="file" accept="image/*" class="d-none" @change="uploadImage" />
  58 |  ...ss="mt-1 rounded" style="max-height:80px;object-fit:cover" :src="form.hinhanh" />
     |                                                                 ^
  59 |                </div>
  60 |                <div class="col-md-6">[39m
      at createCompilerError (D:\DATN_NHOM3\DATN_NHOM3_FRONEND\node_modules\@vue\compiler-core\dist\compiler-core.cjs.js:1378:17)
      at emitError (D:\DATN_NHOM3\DATN_NHOM3_FRONEND\node_modules\@vue\compiler-core\dist\compiler-core.cjs.js:3014:5)
      at Object.onattribnameend (D:\DATN_NHOM3\DATN_NHOM3_FRONEND\node_modules\@vue\compiler-core\dist\compiler-core.cjs.js:2499:7)
      at Tokenizer.handleAttrNameEnd (D:\DATN_NHOM3\DATN_NHOM3_FRONEND\node_modules\@vue\compiler-core\dist\compiler-core.cjs.js:926:14)
      at Tokenizer.stateInDirArg (D:\DATN_NHOM3\DATN_NHOM3_FRONEND\node_modules\@vue\compiler-core\dist\compiler-core.cjs.js:891:12)
      at Tokenizer.parse (D:\DATN_NHOM3\DATN_NHOM3_FRONEND\node_modules\@vue\compiler-core\dist\compiler-core.cjs.js:1125:16)
      at Object.baseParse (D:\DATN_NHOM3\DATN_NHOM3_FRONEND\node_modules\@vue\compiler-core\dist\compiler-core.cjs.js:3053:13)
      at Object.parse (D:\DATN_NHOM3\DATN_NHOM3_FRONEND\node_modules\@vue\compiler-dom\dist\compiler-dom.cjs.js:910:23)
      at Object.parse$1 [as parse] (D:\DATN_NHOM3\DATN_NHOM3_FRONEND\node_modules\@vue\compiler-sfc\dist\compiler-sfc.cjs.js:1824:24)
      at createDescriptor (file:///D:/DATN_NHOM3/DATN_NHOM3_FRONEND/node_modules/@vitejs/plugin-vue/dist/index.mjs:50:42)
[2m2:45:45 PM[22m [31m[1m[vite][22m[39m [31mInternal server error: Duplicate attribute.[39m
  Plugin: [35mvite:vue[39m
  File: [36mD:/DATN_NHOM3/DATN_NHOM3_FRONEND/views/TinTucManagerView.vue[39m:58:124
[33m  56 |                  </div>
  57 |                  <input ref="fileInput" type="file" accept="image/*" class="d-none" @change="uploadImage" />
  58 |  ...ss="mt-1 rounded" style="max-height:80px;object-fit:cover" :src="form.hinhanh" />
     |                                                                 ^
  59 |                </div>
  60 |                <div class="col-md-6">[39m
      at createCompilerError (D:\DATN_NHOM3\DATN_NHOM3_FRONEND\node_modules\@vue\compiler-core\dist\compiler-core.cjs.js:1378:17)
      at emitError (D:\DATN_NHOM3\DATN_NHOM3_FRONEND\node_modules\@vue\compiler-core\dist\compiler-core.cjs.js:3014:5)
      at Object.onattribnameend (D:\DATN_NHOM3\DATN_NHOM3_FRONEND\node_modules\@vue\compiler-core\dist\compiler-core.cjs.js:2499:7)
      at Tokenizer.handleAttrNameEnd (D:\DATN_NHOM3\DATN_NHOM3_FRONEND\node_modules\@vue\compiler-core\dist\compiler-core.cjs.js:926:14)
      at Tokenizer.stateInDirArg (D:\DATN_NHOM3\DATN_NHOM3_FRONEND\node_modules\@vue\compiler-core\dist\compiler-core.cjs.js:891:12)
      at Tokenizer.parse (D:\DATN_NHOM3\DATN_NHOM3_FRONEND\node_modules\@vue\compiler-core\dist\compiler-core.cjs.js:1125:16)
      at Object.baseParse (D:\DATN_NHOM3\DATN_NHOM3_FRONEND\node_modules\@vue\compiler-core\dist\compiler-core.cjs.js:3053:13)
      at Object.parse (D:\DATN_NHOM3\DATN_NHOM3_FRONEND\node_modules\@vue\compiler-dom\dist\compiler-dom.cjs.js:910:23)
      at Object.parse$1 [as parse] (D:\DATN_NHOM3\DATN_NHOM3_FRONEND\node_modules\@vue\compiler-sfc\dist\compiler-sfc.cjs.js:1824:24)
      at createDescriptor (file:///D:/DATN_NHOM3/DATN_NHOM3_FRONEND/node_modules/@vitejs/plugin-vue/dist/index.mjs:50:42)
