
> dev
> vite --port 5173


  [32m[1mVITE[22m v8.1.0[39m  [2mready in [0m[1m330[22m[2m[0m ms[22m

  [32m➜[39m  [1mLocal[22m:   [36mhttp://localhost:[1m5173[22m/[39m
[2m  [32m➜[39m  [1mNetwork[22m[2m: use [22m[1m--host[22m[2m to expose[22m
[2m3:41:39 PM[22m [36m[1m[vite][22m[39m [90m[2m(client)[22m[39m [32mhmr update [39m[2m/views/LoginView.vue[22m
[2m5:10:48 PM[22m [36m[1m[vite][22m[39m [90m[2m(client)[22m[39m [32mhmr update [39m[2m/components/site/SiteLoginModal.vue[22m
[2m5:10:56 PM[22m [36m[1m[vite][22m[39m [90m[2m(client)[22m[39m [32mhmr update [39m[2m/views/LoginView.vue[22m
[2m5:23:03 PM[22m [36m[1m[vite][22m[39m [90m[2m(client)[22m[39m [32mhmr update [39m[2m/components/site/SiteLoginModal.vue[22m
[2m5:23:04 PM[22m [36m[1m[vite][22m[39m [90m[2m(client)[22m[39m [32mhmr update [39m[2m/views/LoginView.vue[22m
[2m5:36:15 PM[22m [36m[1m[vite][22m[39m [90m[2m(client)[22m[39m [32mhmr update [39m[2m/views/LoginView.vue[22m
[2m5:36:16 PM[22m [36m[1m[vite][22m[39m [90m[2m(client)[22m[39m [32mhmr update [39m[2m/components/site/SiteLoginModal.vue[22m
[2m5:36:24 PM[22m [36m[1m[vite][22m[39m [90m[2m(client)[22m[39m [32mhmr update [39m[2m/views/LoginView.vue[22m
[2m5:36:25 PM[22m [36m[1m[vite][22m[39m [90m[2m(client)[22m[39m [32mhmr update [39m[2m/components/site/SiteLoginModal.vue[22m
[2m11:32:30 PM[22m [36m[1m[vite][22m[39m [90m[2m(client)[22m[39m [32mhmr update [39m[2m/components/common/SimpleTablePage.vue[22m
[2m11:33:03 PM[22m [36m[1m[vite][22m[39m [90m[2m(client)[22m[39m [32mhmr update [39m[2m/views/HocVienView.vue[22m
[2m11:33:49 PM[22m [36m[1m[vite][22m[39m [90m[2m(client)[22m[39m [32mhmr update [39m[2m/views/GiaoVienView.vue[22m
[2m11:34:01 PM[22m [36m[1m[vite][22m[39m [90m[2m(client)[22m[39m [32mhmr update [39m[2m/views/HocVienView.vue[22m
[2m11:34:02 PM[22m [36m[1m[vite][22m[39m [90m[2m(client)[22m[39m [32mhmr update [39m[2m/views/GiaoVienView.vue[22m
[2m11:48:07 PM[22m [36m[1m[vite][22m[39m [90m[2m(client)[22m[39m [32mpage reload [39m[2mservices/permissions.js[22m
[2m11:48:08 PM[22m [36m[1m[vite][22m[39m [90m[2m(client)[22m[39m [32mpage reload [39m[2mservices/permissions.js[22m
[2m11:48:10 PM[22m [36m[1m[vite][22m[39m [90m[2m(client)[22m[39m [32mpage reload [39m[2mservices/permissions.js[22m
[2m11:48:15 PM[22m [36m[1m[vite][22m[39m [90m[2m(client)[22m[39m [32mpage reload [39m[2mrouter/index.js[22m
[2m11:48:16 PM[22m [36m[1m[vite][22m[39m [90m[2m(client)[22m[39m [32mpage reload [39m[2mrouter/index.js[22m
[2m11:48:17 PM[22m [36m[1m[vite][22m[39m [90m[2m(client)[22m[39m [32mpage reload [39m[2mrouter/index.js[22m
[2m11:48:23 PM[22m [36m[1m[vite][22m[39m [90m[2m(client)[22m[39m [32mhmr update [39m[2m/App.vue, /components/layout/Header.vue, /components/site/SiteNavbar.vue, /views/HoSoCuaToiView.vue, /views/KhoaHocPublicView.vue, /views/BangGiaView.vue, /components/site/SiteLoginModal.vue, /components/site/CtaSection.vue, /components/site/KhoaHocSection.vue, /components/site/LienHeSection.vue, /components/site/SiteRegisterModal.vue, /components/site/BangGiaSection.vue[22m
[2m11:48:24 PM[22m [36m[1m[vite][22m[39m [90m[2m(client)[22m[39m [32mhmr update [39m[2m/views/LoginView.vue[22m
[2m11:48:45 PM[22m [36m[1m[vite][22m[39m [90m[2m(client)[22m[39m [32mhmr update [39m[2m/components/site/SiteNavbar.vue[22m
[2m11:56:24 PM[22m [36m[1m[vite][22m[39m [90m[2m(client)[22m[39m [32mhmr update [39m[2m/components/site/SiteNavbar.vue[22m
[2m11:56:26 PM[22m [36m[1m[vite][22m[39m [90m[2m(client)[22m[39m [32mhmr update [39m[2m/components/site/SiteNavbar.vue[22m
[2m11:56:37 PM[22m [36m[1m[vite][22m[39m [90m[2m(client)[22m[39m [32mhmr update [39m[2m/components/site/SiteNavbar.vue[22m
[2m11:56:50 PM[22m [36m[1m[vite][22m[39m [90m[2m(client)[22m[39m [32mhmr update [39m[2m/components/site/SiteNavbar.vue[22m
[2m11:56:57 PM[22m [36m[1m[vite][22m[39m [90m[2m(client)[22m[39m [32mhmr update [39m[2m/components/site/SiteNavbar.vue[22m
[2m12:02:50 AM[22m [36m[1m[vite][22m[39m [90m[2m(client)[22m[39m [32mhmr update [39m[2m/views/GvPortalView.vue, /views/GvPortalView.vue?vue&type=style&index=0&scoped=8caa95be&lang.css[22m
[2m12:02:58 AM[22m [36m[1m[vite][22m[39m [90m[2m(client)[22m[39m [32mhmr update [39m[2m/views/GvPortalView.vue[22m
[2m12:03:04 AM[22m [36m[1m[vite][22m[39m [90m[2m(client)[22m[39m [32mhmr update [39m[2m/views/GvPortalView.vue[22m
[2m12:03:40 AM[22m [36m[1m[vite][22m[39m [90m[2m(client)[22m[39m [32mhmr update [39m[2m/views/HvPortalView.vue, /views/HvPortalView.vue?vue&type=style&index=0&scoped=a26b6758&lang.css[22m
[2m12:09:28 AM[22m [36m[1m[vite][22m[39m [90m[2m(client)[22m[39m [32mhmr update [39m[2m/App.vue[22m
[2m12:09:29 AM[22m [36m[1m[vite][22m[39m [90m[2m(client)[22m[39m [32mhmr update [39m[2m/App.vue[22m
[2m12:09:41 AM[22m [36m[1m[vite][22m[39m [90m[2m(client)[22m[39m [32mpage reload [39m[2mservices/permissions.js[22m
[2m12:15:53 AM[22m [36m[1m[vite][22m[39m [90m[2m(client)[22m[39m [32mhmr update [39m[2m/views/DiemDanhView.vue, /views/DiemDanhView.vue?vue&type=style&index=0&scoped=ff9a978e&lang.css[22m
[2m12:16:23 AM[22m [36m[1m[vite][22m[39m [90m[2m(client)[22m[39m [32mhmr update [39m[2m/views/DiemDanhView.vue[22m
[2m12:16:24 AM[22m [36m[1m[vite][22m[39m [90m[2m(client)[22m[39m [32mhmr update [39m[2m/views/DiemDanhView.vue[22m
[2m12:21:23 AM[22m [36m[1m[vite][22m[39m [90m[2m(client)[22m[39m [32mhmr update [39m[2m/views/LoginView.vue[22m
[2m9:20:16 AM[22m [36m[1m[vite][22m[39m [90m[2m(client)[22m[39m [32mhmr update [39m[2m/App.vue, /components/layout/Header.vue, /components/site/SiteNavbar.vue, /views/HoSoCuaToiView.vue, /views/KhoaHocPublicView.vue, /views/BangGiaView.vue, /components/site/SiteLoginModal.vue, /components/site/CtaSection.vue, /components/site/KhoaHocSection.vue, /components/site/LienHeSection.vue, /components/site/SiteRegisterModal.vue, /components/site/BangGiaSection.vue, /views/LoginView.vue[22m
[2m9:20:16 AM[22m [36m[1m[vite][22m[39m [90m[2m(client)[22m[39m [32mhmr update [39m[2m/App.vue, /components/layout/Header.vue, /components/site/SiteNavbar.vue, /views/HoSoCuaToiView.vue, /views/KhoaHocPublicView.vue, /views/BangGiaView.vue, /components/site/SiteLoginModal.vue, /components/site/CtaSection.vue, /components/site/KhoaHocSection.vue, /components/site/LienHeSection.vue, /components/site/SiteRegisterModal.vue, /components/site/BangGiaSection.vue, /views/LoginView.vue[22m
[2m9:20:17 AM[22m [36m[1m[vite][22m[39m [90m[2m(client)[22m[39m [32mhmr update [39m[2m/App.vue, /components/layout/Header.vue, /components/site/SiteNavbar.vue, /views/HoSoCuaToiView.vue, /views/KhoaHocPublicView.vue, /views/BangGiaView.vue, /components/site/SiteLoginModal.vue, /components/site/CtaSection.vue, /components/site/KhoaHocSection.vue, /components/site/LienHeSection.vue, /components/site/SiteRegisterModal.vue, /components/site/BangGiaSection.vue, /views/LoginView.vue[22m
[2m9:20:19 AM[22m [36m[1m[vite][22m[39m [90m[2m(client)[22m[39m [32mhmr update [39m[2m/App.vue, /components/layout/Header.vue, /components/site/SiteNavbar.vue, /views/HoSoCuaToiView.vue, /views/KhoaHocPublicView.vue, /views/BangGiaView.vue, /components/site/SiteLoginModal.vue, /components/site/CtaSection.vue, /components/site/KhoaHocSection.vue, /components/site/LienHeSection.vue, /components/site/SiteRegisterModal.vue, /components/site/BangGiaSection.vue, /views/LoginView.vue[22m
[2m9:20:35 AM[22m [36m[1m[vite][22m[39m [90m[2m(client)[22m[39m [32mhmr update [39m[2m/views/LoginView.vue[22m
[2m9:20:41 AM[22m [36m[1m[vite][22m[39m [90m[2m(client)[22m[39m [32mhmr update [39m[2m/views/LoginView.vue[22m
[2m9:27:09 AM[22m [36m[1m[vite][22m[39m [90m[2m(client)[22m[39m [32mhmr update [39m[2m/views/LoginView.vue[22m
[2m9:27:25 AM[22m [36m[1m[vite][22m[39m [90m[2m(client)[22m[39m [32mhmr update [39m[2m/views/LoginView.vue[22m
[2m9:27:40 AM[22m [36m[1m[vite][22m[39m [90m[2m(client)[22m[39m [32mhmr update [39m[2m/views/LoginView.vue[22m
[2m9:43:12 AM[22m [36m[1m[vite][22m[39m [90m[2m(client)[22m[39m [32mhmr update [39m[2m/App.vue, /components/layout/Header.vue, /components/site/SiteNavbar.vue, /views/HoSoCuaToiView.vue, /views/KhoaHocPublicView.vue, /views/BangGiaView.vue, /components/site/SiteLoginModal.vue, /components/site/CtaSection.vue, /components/site/KhoaHocSection.vue, /components/site/LienHeSection.vue, /components/site/SiteRegisterModal.vue, /components/site/BangGiaSection.vue, /views/LoginView.vue[22m
[2m9:43:13 AM[22m [36m[1m[vite][22m[39m [90m[2m(client)[22m[39m [32mhmr update [39m[2m/App.vue, /components/layout/Header.vue, /components/site/SiteNavbar.vue, /views/HoSoCuaToiView.vue, /views/KhoaHocPublicView.vue, /views/BangGiaView.vue, /components/site/SiteLoginModal.vue, /components/site/CtaSection.vue, /components/site/KhoaHocSection.vue, /components/site/LienHeSection.vue, /components/site/SiteRegisterModal.vue, /components/site/BangGiaSection.vue, /views/LoginView.vue[22m
[2m9:43:14 AM[22m [36m[1m[vite][22m[39m [90m[2m(client)[22m[39m [32mhmr update [39m[2m/App.vue, /components/layout/Header.vue, /components/site/SiteNavbar.vue, /views/HoSoCuaToiView.vue, /views/KhoaHocPublicView.vue, /views/BangGiaView.vue, /components/site/SiteLoginModal.vue, /components/site/CtaSection.vue, /components/site/KhoaHocSection.vue, /components/site/LienHeSection.vue, /components/site/SiteRegisterModal.vue, /components/site/BangGiaSection.vue, /views/LoginView.vue[22m
[2m9:43:15 AM[22m [36m[1m[vite][22m[39m [90m[2m(client)[22m[39m [32mhmr update [39m[2m/App.vue, /components/layout/Header.vue, /components/site/SiteNavbar.vue, /views/HoSoCuaToiView.vue, /views/KhoaHocPublicView.vue, /views/BangGiaView.vue, /components/site/SiteLoginModal.vue, /components/site/CtaSection.vue, /components/site/KhoaHocSection.vue, /components/site/LienHeSection.vue, /components/site/SiteRegisterModal.vue, /components/site/BangGiaSection.vue, /views/LoginView.vue[22m
[2m9:43:22 AM[22m [36m[1m[vite][22m[39m [90m[2m(client)[22m[39m [32mhmr update [39m[2m/App.vue, /components/layout/Header.vue, /components/site/SiteNavbar.vue, /views/HoSoCuaToiView.vue, /views/KhoaHocPublicView.vue, /views/BangGiaView.vue, /components/site/SiteLoginModal.vue, /components/site/CtaSection.vue, /components/site/KhoaHocSection.vue, /components/site/LienHeSection.vue, /components/site/SiteRegisterModal.vue, /components/site/BangGiaSection.vue, /views/LoginView.vue[22m
[2m9:43:29 AM[22m [36m[1m[vite][22m[39m [90m[2m(client)[22m[39m [32mhmr update [39m[2m/App.vue, /components/layout/Header.vue, /components/site/SiteNavbar.vue, /views/HoSoCuaToiView.vue, /views/KhoaHocPublicView.vue, /views/BangGiaView.vue, /components/site/SiteLoginModal.vue, /components/site/CtaSection.vue, /components/site/KhoaHocSection.vue, /components/site/LienHeSection.vue, /components/site/SiteRegisterModal.vue, /components/site/BangGiaSection.vue, /views/LoginView.vue[22m
[2m9:43:49 AM[22m [36m[1m[vite][22m[39m [90m[2m(client)[22m[39m [32mhmr update [39m[2m/views/LoginView.vue[22m
[2m10:13:51 AM[22m [36m[1m[vite][22m[39m [90m[2m(client)[22m[39m [32mhmr update [39m[2m/views/LoginView.vue, /views/LoginView.vue?vue&type=style&index=0&scoped=64829c0c&lang.css[22m
[2m10:14:05 AM[22m [36m[1m[vite][22m[39m [90m[2m(client)[22m[39m [32mhmr update [39m[2m/views/LoginView.vue[22m
[2m10:18:11 AM[22m [36m[1m[vite][22m[39m [90m[2m(client)[22m[39m [32mpage reload [39m[2mservices/permissions.js[22m
[2m10:21:50 AM[22m [36m[1m[vite][22m[39m [90m[2m(client)[22m[39m [32mhmr update [39m[2m/views/HocVienView.vue[22m
[2m10:21:52 AM[22m [36m[1m[vite][22m[39m [90m[2m(client)[22m[39m [32mhmr update [39m[2m/views/HocVienView.vue[22m
[2m10:22:05 AM[22m [36m[1m[vite][22m[39m [90m[2m(client)[22m[39m [32mhmr update [39m[2m/views/HoSoHocVienView.vue[22m
[2m10:22:06 AM[22m [36m[1m[vite][22m[39m [90m[2m(client)[22m[39m [32mhmr update [39m[2m/views/HoSoHocVienView.vue[22m
[2m10:22:06 AM[22m [36m[1m[vite][22m[39m [90m[2m(client)[22m[39m [32mhmr update [39m[2m/views/HoSoHocVienView.vue[22m
[2m10:22:41 AM[22m [36m[1m[vite][22m[39m [90m[2m(client)[22m[39m [32mhmr update [39m[2m/views/HoSoHocVienView.vue[22m
[2m10:35:59 AM[22m [36m[1m[vite][22m[39m [90m[2m(client)[22m[39m [32mhmr update [39m[2m/views/KhoaHocView.vue[22m
[2m10:36:07 AM[22m [36m[1m[vite][22m[39m [90m[2m(client)[22m[39m [32mhmr update [39m[2m/views/KhoaHocView.vue[22m
[2m10:46:52 AM[22m [36m[1m[vite][22m[39m [90m[2m(client)[22m[39m [32mhmr update [39m[2m/views/HoSoHocVienView.vue, /views/HoSoHocVienView.vue?vue&type=style&index=0&scoped=f6bf4763&lang.css[22m
[2m10:52:10 AM[22m [36m[1m[vite][22m[39m [90m[2m(client)[22m[39m [32mhmr update [39m[2m/views/TaiKhoanView.vue[22m
[2m10:56:40 AM[22m [36m[1m[vite][22m[39m [90m[2m(client)[22m[39m [32mhmr update [39m[2m/views/ChuongTrinhHocView.vue[22m
[2m10:59:04 AM[22m [36m[1m[vite][22m[39m [90m[2m(client)[22m[39m [32mhmr update [39m[2m/views/ChuongTrinhHocView.vue[22m
[2m11:04:35 AM[22m [36m[1m[vite][22m[39m [90m[2m(client)[22m[39m [32mhmr update [39m[2m/views/LopHocView.vue[22m
[2m11:23:17 AM[22m [36m[1m[vite][22m[39m [90m[2m(client)[22m[39m [32mhmr update [39m[2m/views/MonHocView.vue[22m
[2m11:31:09 AM[22m [36m[1m[vite][22m[39m [90m[2m(client)[22m[39m [32mhmr update [39m[2m/views/PhongHocView.vue[22m
[2m11:35:14 AM[22m [36m[1m[vite][22m[39m [90m[2m(client)[22m[39m [32mhmr update [39m[2m/views/XeView.vue[22m
[2m11:38:56 AM[22m [36m[1m[vite][22m[39m [90m[2m(client)[22m[39m [32mhmr update [39m[2m/views/PhanCongView.vue[22m
[2m11:41:06 AM[22m [36m[1m[vite][22m[39m [90m[2m(client)[22m[39m [32mhmr update [39m[2m/views/CaHocView.vue[22m
[2m11:43:23 AM[22m [36m[1m[vite][22m[39m [90m[2m(client)[22m[39m [32mhmr update [39m[2m/views/LichHocView.vue, /views/LichHocView.vue?vue&type=style&index=0&scoped=ccbafafe&lang.css[22m
[2m11:50:09 AM[22m [36m[1m[vite][22m[39m [90m[2m(client)[22m[39m [32mhmr update [39m[2m/views/DiemDanhView.vue[22m
[2m11:50:26 AM[22m [36m[1m[vite][22m[39m [90m[2m(client)[22m[39m [32mhmr update [39m[2m/views/DiemDanhView.vue?vue&type=style&index=0&scoped=ff9a978e&lang.css[22m
[2m11:54:21 AM[22m [36m[1m[vite][22m[39m [90m[2m(client)[22m[39m [32mhmr update [39m[2m/views/ThanhToanView.vue[22m
[2m11:58:00 AM[22m [36m[1m[vite][22m[39m [90m[2m(client)[22m[39m [32mhmr update [39m[2m/views/PhongThiView.vue[22m
[2m12:00:29 PM[22m [36m[1m[vite][22m[39m [90m[2m(client)[22m[39m [32mhmr update [39m[2m/views/CaThiView.vue[22m
[2m12:04:01 PM[22m [36m[1m[vite][22m[39m [90m[2m(client)[22m[39m [32mhmr update [39m[2m/views/LichThiView.vue[22m
[2m12:07:45 PM[22m [36m[1m[vite][22m[39m [90m[2m(client)[22m[39m [32mhmr update [39m[2m/views/KetQuaThiView.vue[22m
[2m12:10:16 PM[22m [36m[1m[vite][22m[39m [90m[2m(client)[22m[39m [32mhmr update [39m[2m/views/ThiSatHachView.vue[22m
[2m12:13:20 PM[22m [36m[1m[vite][22m[39m [90m[2m(client)[22m[39m [32mhmr update [39m[2m/views/TraGPLXView.vue[22m
[2m12:16:33 PM[22m [36m[1m[vite][22m[39m [90m[2m(client)[22m[39m [32mhmr update [39m[2m/views/HangGPLXView.vue[22m
[2m12:19:27 PM[22m [36m[1m[vite][22m[39m [90m[2m(client)[22m[39m [32mhmr update [39m[2m/views/ThongBaoView.vue[22m
[2m12:22:03 PM[22m [36m[1m[vite][22m[39m [90m[2m(client)[22m[39m [32mhmr update [39m[2m/views/NhatKyHeThongView.vue[22m
[2m12:22:03 PM[22m [36m[1m[vite][22m[39m [90m[2m(client)[22m[39m [32mhmr update [39m[2m/views/NhatKyHeThongView.vue[22m
[2m12:24:37 PM[22m [36m[1m[vite][22m[39m [90m[2m(client)[22m[39m [32mhmr update [39m[2m/views/HoSoCuaToiView.vue, /views/HoSoCuaToiView.vue?vue&type=style&index=0&scoped=20ba7ff5&lang.css[22m
[2m12:26:33 PM[22m [36m[1m[vite][22m[39m [90m[2m(client)[22m[39m [32mhmr update [39m[2m/views/DuyetAnhView.vue, /views/DuyetAnhView.vue?vue&type=style&index=0&scoped=edee060c&lang.css[22m
[2m12:28:36 PM[22m [36m[1m[vite][22m[39m [90m[2m(client)[22m[39m [32mhmr update [39m[2m/views/LichCuaToiView.vue[22m
[2m12:56:12 PM[22m [36m[1m[vite][22m[39m [90m[2m(client)[22m[39m [32mhmr update [39m[2m/views/LichSuBaoTriXeView.vue, /views/LichSuBaoTriXeView.vue?vue&type=style&index=0&scoped=98020635&lang.css[22m
